Timing Analyzer report for OLED_controller
Thu Oct  5 13:51:15 2023
Quartus Prime Version 22.1std.1 Build 917 02/14/2023 SC Lite Edition


---------------------
; Table of Contents ;
---------------------
  1. Legal Notice
  2. Timing Analyzer Summary
  3. Parallel Compilation
  4. Clocks
  5. Slow 1100mV 85C Model Fmax Summary
  6. Timing Closure Recommendations
  7. Slow 1100mV 85C Model Setup Summary
  8. Slow 1100mV 85C Model Hold Summary
  9. Slow 1100mV 85C Model Recovery Summary
 10. Slow 1100mV 85C Model Removal Summary
 11. Slow 1100mV 85C Model Minimum Pulse Width Summary
 12. Slow 1100mV 85C Model Metastability Summary
 13. Slow 1100mV 0C Model Fmax Summary
 14. Slow 1100mV 0C Model Setup Summary
 15. Slow 1100mV 0C Model Hold Summary
 16. Slow 1100mV 0C Model Recovery Summary
 17. Slow 1100mV 0C Model Removal Summary
 18. Slow 1100mV 0C Model Minimum Pulse Width Summary
 19. Slow 1100mV 0C Model Metastability Summary
 20. Fast 1100mV 85C Model Setup Summary
 21. Fast 1100mV 85C Model Hold Summary
 22. Fast 1100mV 85C Model Recovery Summary
 23. Fast 1100mV 85C Model Removal Summary
 24. Fast 1100mV 85C Model Minimum Pulse Width Summary
 25. Fast 1100mV 85C Model Metastability Summary
 26. Fast 1100mV 0C Model Setup Summary
 27. Fast 1100mV 0C Model Hold Summary
 28. Fast 1100mV 0C Model Recovery Summary
 29. Fast 1100mV 0C Model Removal Summary
 30. Fast 1100mV 0C Model Minimum Pulse Width Summary
 31. Fast 1100mV 0C Model Metastability Summary
 32. Multicorner Timing Analysis Summary
 33. Board Trace Model Assignments
 34. Input Transition Times
 35. Signal Integrity Metrics (Slow 1100mv 0c Model)
 36. Signal Integrity Metrics (Slow 1100mv 85c Model)
 37. Signal Integrity Metrics (Fast 1100mv 0c Model)
 38. Signal Integrity Metrics (Fast 1100mv 85c Model)
 39. Setup Transfers
 40. Hold Transfers
 41. Recovery Transfers
 42. Removal Transfers
 43. Report TCCS
 44. Report RSKM
 45. Unconstrained Paths Summary
 46. Clock Status Summary
 47. Unconstrained Input Ports
 48. Unconstrained Output Ports
 49. Unconstrained Input Ports
 50. Unconstrained Output Ports
 51. Timing Analyzer Messages



----------------
; Legal Notice ;
----------------
Copyright (C) 2023  Intel Corporation. All rights reserved.
Your use of Intel Corporation's design tools, logic functions 
and other software and tools, and any partner logic 
functions, and any output files from any of the foregoing 
(including device programming or simulation files), and any 
associated documentation or information are expressly subject 
to the terms and conditions of the Intel Program License 
Subscription Agreement, the Intel Quartus Prime License Agreement,
the Intel FPGA IP License Agreement, or other applicable license
agreement, including, without limitation, that your use is for
the sole purpose of programming logic devices manufactured by
Intel and sold by Intel or its authorized distributors.  Please
refer to the applicable agreement for further details, at
https://fpgasoftware.intel.com/eula.



+--------------------------------------------------------------------------------+
; Timing Analyzer Summary                                                        ;
+-----------------------+--------------------------------------------------------+
; Quartus Prime Version ; Version 22.1std.1 Build 917 02/14/2023 SC Lite Edition ;
; Timing Analyzer       ; Legacy Timing Analyzer                                 ;
; Revision Name         ; OLED_controller                                        ;
; Device Family         ; Cyclone V                                              ;
; Device Name           ; 5CEBA4F17C6                                            ;
; Timing Models         ; Final                                                  ;
; Delay Model           ; Combined                                               ;
; Rise/Fall Delays      ; Enabled                                                ;
+-----------------------+--------------------------------------------------------+


+------------------------------------------+
; Parallel Compilation                     ;
+----------------------------+-------------+
; Processors                 ; Number      ;
+----------------------------+-------------+
; Number detected on machine ; 8           ;
; Maximum allowed            ; 4           ;
;                            ;             ;
; Average used               ; 3.17        ;
; Maximum used               ; 4           ;
;                            ;             ;
; Usage by Processor         ; % Time Used ;
;     Processor 1            ; 100.0%      ;
;     Processor 2            ;  72.8%      ;
;     Processor 3            ;  72.1%      ;
;     Processor 4            ;  71.8%      ;
+----------------------------+-------------+


+--------------------------------------------------------------------------------------------------------------------------------------------------------------------------------------------------------------------------------------------------------------------------------+
; Clocks                                                                                                                                                                                                                                                                         ;
+--------------------------------------------------------+------+--------+------------+-------+-------+------------+-----------+-------------+-------+--------+-----------+------------+----------+--------+--------+------------------------------------------------------------+
; Clock Name                                             ; Type ; Period ; Frequency  ; Rise  ; Fall  ; Duty Cycle ; Divide by ; Multiply by ; Phase ; Offset ; Edge List ; Edge Shift ; Inverted ; Master ; Source ; Targets                                                    ;
+--------------------------------------------------------+------+--------+------------+-------+-------+------------+-----------+-------------+-------+--------+-----------+------------+----------+--------+--------+------------------------------------------------------------+
; CLOCK_50                                               ; Base ; 1.000  ; 1000.0 MHz ; 0.000 ; 0.500 ;            ;           ;             ;       ;        ;           ;            ;          ;        ;        ; { CLOCK_50 }                                               ;
; controller_clock                                       ; Base ; 1.000  ; 1000.0 MHz ; 0.000 ; 0.500 ;            ;           ;             ;       ;        ;           ;            ;          ;        ;        ; { controller_clock }                                       ;
; OLED_driver:OLEDDriver|driver_clock                    ; Base ; 1.000  ; 1000.0 MHz ; 0.000 ; 0.500 ;            ;           ;             ;       ;        ;           ;            ;          ;        ;        ; { OLED_driver:OLEDDriver|driver_clock }                    ;
; OLED_driver:OLEDDriver|i2c_driver:i2c|clk_status       ; Base ; 1.000  ; 1000.0 MHz ; 0.000 ; 0.500 ;            ;           ;             ;       ;        ;           ;            ;          ;        ;        ; { OLED_driver:OLEDDriver|i2c_driver:i2c|clk_status }       ;
; OLED_driver:OLEDDriver|i2c_driver:i2c|current_state[0] ; Base ; 1.000  ; 1000.0 MHz ; 0.000 ; 0.500 ;            ;           ;             ;       ;        ;           ;            ;          ;        ;        ; { OLED_driver:OLEDDriver|i2c_driver:i2c|current_state[0] } ;
+--------------------------------------------------------+------+--------+------------+-------+-------+------------+-----------+-------------+-------+--------+-----------+------------+----------+--------+--------+------------------------------------------------------------+


+----------------------------------------------------------------------------------------------+
; Slow 1100mV 85C Model Fmax Summary                                                           ;
+------------+-----------------+--------------------------------------------------------+------+
; Fmax       ; Restricted Fmax ; Clock Name                                             ; Note ;
+------------+-----------------+--------------------------------------------------------+------+
; 61.71 MHz  ; 61.71 MHz       ; OLED_driver:OLEDDriver|driver_clock                    ;      ;
; 93.53 MHz  ; 93.53 MHz       ; controller_clock                                       ;      ;
; 109.41 MHz ; 109.41 MHz      ; CLOCK_50                                               ;      ;
; 162.92 MHz ; 162.92 MHz      ; OLED_driver:OLEDDriver|i2c_driver:i2c|current_state[0] ;      ;
+------------+-----------------+--------------------------------------------------------+------+
This panel reports FMAX for every clock in the design, regardless of the user-specified clock periods.  FMAX is only computed for paths where the source and destination registers or ports are driven by the same clock.  Paths of different clocks, including generated clocks, are ignored.  For paths between a clock and its inversion, FMAX is computed as if the rising and falling edges are scaled along with FMAX, such that the duty cycle (in terms of a percentage) is maintained. Altera recommends that you always use clock constraints and other slack reports for sign-off analysis.


----------------------------------
; Timing Closure Recommendations ;
----------------------------------
HTML report is unavailable in plain text report export.


+----------------------------------------------------------------------------------+
; Slow 1100mV 85C Model Setup Summary                                              ;
+--------------------------------------------------------+---------+---------------+
; Clock                                                  ; Slack   ; End Point TNS ;
+--------------------------------------------------------+---------+---------------+
; OLED_driver:OLEDDriver|driver_clock                    ; -19.685 ; -129962.872   ;
; controller_clock                                       ; -14.857 ; -722.882      ;
; CLOCK_50                                               ; -8.140  ; -1595.127     ;
; OLED_driver:OLEDDriver|i2c_driver:i2c|current_state[0] ; -7.750  ; -61.669       ;
; OLED_driver:OLEDDriver|i2c_driver:i2c|clk_status       ; -2.833  ; -10.826       ;
+--------------------------------------------------------+---------+---------------+


+---------------------------------------------------------------------------------+
; Slow 1100mV 85C Model Hold Summary                                              ;
+--------------------------------------------------------+--------+---------------+
; Clock                                                  ; Slack  ; End Point TNS ;
+--------------------------------------------------------+--------+---------------+
; OLED_driver:OLEDDriver|i2c_driver:i2c|clk_status       ; -2.378 ; -8.807        ;
; OLED_driver:OLEDDriver|i2c_driver:i2c|current_state[0] ; 0.180  ; 0.000         ;
; CLOCK_50                                               ; 0.217  ; 0.000         ;
; controller_clock                                       ; 0.284  ; 0.000         ;
; OLED_driver:OLEDDriver|driver_clock                    ; 0.362  ; 0.000         ;
+--------------------------------------------------------+--------+---------------+


+---------------------------------------------------------------------------+
; Slow 1100mV 85C Model Recovery Summary                                    ;
+--------------------------------------------------+--------+---------------+
; Clock                                            ; Slack  ; End Point TNS ;
+--------------------------------------------------+--------+---------------+
; OLED_driver:OLEDDriver|i2c_driver:i2c|clk_status ; -2.903 ; -25.635       ;
+--------------------------------------------------+--------+---------------+


+--------------------------------------------------------------------------+
; Slow 1100mV 85C Model Removal Summary                                    ;
+--------------------------------------------------+-------+---------------+
; Clock                                            ; Slack ; End Point TNS ;
+--------------------------------------------------+-------+---------------+
; OLED_driver:OLEDDriver|i2c_driver:i2c|clk_status ; 0.647 ; 0.000         ;
+--------------------------------------------------+-------+---------------+


+---------------------------------------------------------------------------------+
; Slow 1100mV 85C Model Minimum Pulse Width Summary                               ;
+--------------------------------------------------------+--------+---------------+
; Clock                                                  ; Slack  ; End Point TNS ;
+--------------------------------------------------------+--------+---------------+
; controller_clock                                       ; -2.225 ; -72.324       ;
; OLED_driver:OLEDDriver|i2c_driver:i2c|clk_status       ; -0.535 ; -8.286        ;
; OLED_driver:OLEDDriver|driver_clock                    ; -0.394 ; -4908.703     ;
; CLOCK_50                                               ; -0.394 ; -327.169      ;
; OLED_driver:OLEDDriver|i2c_driver:i2c|current_state[0] ; 0.388  ; 0.000         ;
+--------------------------------------------------------+--------+---------------+


-----------------------------------------------
; Slow 1100mV 85C Model Metastability Summary ;
-----------------------------------------------
No synchronizer chains to report.


+----------------------------------------------------------------------------------------------+
; Slow 1100mV 0C Model Fmax Summary                                                            ;
+------------+-----------------+--------------------------------------------------------+------+
; Fmax       ; Restricted Fmax ; Clock Name                                             ; Note ;
+------------+-----------------+--------------------------------------------------------+------+
; 60.28 MHz  ; 60.28 MHz       ; OLED_driver:OLEDDriver|driver_clock                    ;      ;
; 93.02 MHz  ; 93.02 MHz       ; controller_clock                                       ;      ;
; 110.89 MHz ; 110.89 MHz      ; CLOCK_50                                               ;      ;
; 165.56 MHz ; 165.56 MHz      ; OLED_driver:OLEDDriver|i2c_driver:i2c|current_state[0] ;      ;
+------------+-----------------+--------------------------------------------------------+------+
This panel reports FMAX for every clock in the design, regardless of the user-specified clock periods.  FMAX is only computed for paths where the source and destination registers or ports are driven by the same clock.  Paths of different clocks, including generated clocks, are ignored.  For paths between a clock and its inversion, FMAX is computed as if the rising and falling edges are scaled along with FMAX, such that the duty cycle (in terms of a percentage) is maintained. Altera recommends that you always use clock constraints and other slack reports for sign-off analysis.


+----------------------------------------------------------------------------------+
; Slow 1100mV 0C Model Setup Summary                                               ;
+--------------------------------------------------------+---------+---------------+
; Clock                                                  ; Slack   ; End Point TNS ;
+--------------------------------------------------------+---------+---------------+
; OLED_driver:OLEDDriver|driver_clock                    ; -19.959 ; -125255.471   ;
; controller_clock                                       ; -14.977 ; -715.772      ;
; CLOCK_50                                               ; -8.018  ; -1572.769     ;
; OLED_driver:OLEDDriver|i2c_driver:i2c|current_state[0] ; -7.632  ; -58.561       ;
; OLED_driver:OLEDDriver|i2c_driver:i2c|clk_status       ; -2.945  ; -11.228       ;
+--------------------------------------------------------+---------+---------------+


+---------------------------------------------------------------------------------+
; Slow 1100mV 0C Model Hold Summary                                               ;
+--------------------------------------------------------+--------+---------------+
; Clock                                                  ; Slack  ; End Point TNS ;
+--------------------------------------------------------+--------+---------------+
; OLED_driver:OLEDDriver|i2c_driver:i2c|clk_status       ; -2.074 ; -7.416        ;
; OLED_driver:OLEDDriver|i2c_driver:i2c|current_state[0] ; 0.206  ; 0.000         ;
; controller_clock                                       ; 0.261  ; 0.000         ;
; CLOCK_50                                               ; 0.281  ; 0.000         ;
; OLED_driver:OLEDDriver|driver_clock                    ; 0.380  ; 0.000         ;
+--------------------------------------------------------+--------+---------------+


+---------------------------------------------------------------------------+
; Slow 1100mV 0C Model Recovery Summary                                     ;
+--------------------------------------------------+--------+---------------+
; Clock                                            ; Slack  ; End Point TNS ;
+--------------------------------------------------+--------+---------------+
; OLED_driver:OLEDDriver|i2c_driver:i2c|clk_status ; -2.989 ; -26.332       ;
+--------------------------------------------------+--------+---------------+


+--------------------------------------------------------------------------+
; Slow 1100mV 0C Model Removal Summary                                     ;
+--------------------------------------------------+-------+---------------+
; Clock                                            ; Slack ; End Point TNS ;
+--------------------------------------------------+-------+---------------+
; OLED_driver:OLEDDriver|i2c_driver:i2c|clk_status ; 0.807 ; 0.000         ;
+--------------------------------------------------+-------+---------------+


+---------------------------------------------------------------------------------+
; Slow 1100mV 0C Model Minimum Pulse Width Summary                                ;
+--------------------------------------------------------+--------+---------------+
; Clock                                                  ; Slack  ; End Point TNS ;
+--------------------------------------------------------+--------+---------------+
; controller_clock                                       ; -2.225 ; -72.556       ;
; OLED_driver:OLEDDriver|i2c_driver:i2c|clk_status       ; -0.555 ; -8.461        ;
; OLED_driver:OLEDDriver|driver_clock                    ; -0.394 ; -4406.548     ;
; CLOCK_50                                               ; -0.394 ; -293.108      ;
; OLED_driver:OLEDDriver|i2c_driver:i2c|current_state[0] ; 0.398  ; 0.000         ;
+--------------------------------------------------------+--------+---------------+


----------------------------------------------
; Slow 1100mV 0C Model Metastability Summary ;
----------------------------------------------
No synchronizer chains to report.


+----------------------------------------------------------------------------------+
; Fast 1100mV 85C Model Setup Summary                                              ;
+--------------------------------------------------------+---------+---------------+
; Clock                                                  ; Slack   ; End Point TNS ;
+--------------------------------------------------------+---------+---------------+
; OLED_driver:OLEDDriver|driver_clock                    ; -11.406 ; -82401.709    ;
; controller_clock                                       ; -8.627  ; -433.578      ;
; CLOCK_50                                               ; -4.862  ; -710.356      ;
; OLED_driver:OLEDDriver|i2c_driver:i2c|current_state[0] ; -4.455  ; -34.602       ;
; OLED_driver:OLEDDriver|i2c_driver:i2c|clk_status       ; -2.026  ; -7.195        ;
+--------------------------------------------------------+---------+---------------+


+---------------------------------------------------------------------------------+
; Fast 1100mV 85C Model Hold Summary                                              ;
+--------------------------------------------------------+--------+---------------+
; Clock                                                  ; Slack  ; End Point TNS ;
+--------------------------------------------------------+--------+---------------+
; OLED_driver:OLEDDriver|i2c_driver:i2c|clk_status       ; -1.592 ; -5.214        ;
; CLOCK_50                                               ; 0.005  ; 0.000         ;
; controller_clock                                       ; 0.106  ; 0.000         ;
; OLED_driver:OLEDDriver|i2c_driver:i2c|current_state[0] ; 0.113  ; 0.000         ;
; OLED_driver:OLEDDriver|driver_clock                    ; 0.179  ; 0.000         ;
+--------------------------------------------------------+--------+---------------+


+---------------------------------------------------------------------------+
; Fast 1100mV 85C Model Recovery Summary                                    ;
+--------------------------------------------------+--------+---------------+
; Clock                                            ; Slack  ; End Point TNS ;
+--------------------------------------------------+--------+---------------+
; OLED_driver:OLEDDriver|i2c_driver:i2c|clk_status ; -1.461 ; -12.803       ;
+--------------------------------------------------+--------+---------------+


+--------------------------------------------------------------------------+
; Fast 1100mV 85C Model Removal Summary                                    ;
+--------------------------------------------------+-------+---------------+
; Clock                                            ; Slack ; End Point TNS ;
+--------------------------------------------------+-------+---------------+
; OLED_driver:OLEDDriver|i2c_driver:i2c|clk_status ; 0.411 ; 0.000         ;
+--------------------------------------------------+-------+---------------+


+---------------------------------------------------------------------------------+
; Fast 1100mV 85C Model Minimum Pulse Width Summary                               ;
+--------------------------------------------------------+--------+---------------+
; Clock                                                  ; Slack  ; End Point TNS ;
+--------------------------------------------------------+--------+---------------+
; controller_clock                                       ; -1.702 ; -34.742       ;
; CLOCK_50                                               ; -0.370 ; -158.550      ;
; OLED_driver:OLEDDriver|i2c_driver:i2c|clk_status       ; -0.282 ; -2.498        ;
; OLED_driver:OLEDDriver|driver_clock                    ; 0.006  ; 0.000         ;
; OLED_driver:OLEDDriver|i2c_driver:i2c|current_state[0] ; 0.356  ; 0.000         ;
+--------------------------------------------------------+--------+---------------+


-----------------------------------------------
; Fast 1100mV 85C Model Metastability Summary ;
-----------------------------------------------
No synchronizer chains to report.


+----------------------------------------------------------------------------------+
; Fast 1100mV 0C Model Setup Summary                                               ;
+--------------------------------------------------------+---------+---------------+
; Clock                                                  ; Slack   ; End Point TNS ;
+--------------------------------------------------------+---------+---------------+
; OLED_driver:OLEDDriver|driver_clock                    ; -10.298 ; -74601.077    ;
; controller_clock                                       ; -8.292  ; -413.267      ;
; CLOCK_50                                               ; -4.496  ; -604.074      ;
; OLED_driver:OLEDDriver|i2c_driver:i2c|current_state[0] ; -4.174  ; -30.072       ;
; OLED_driver:OLEDDriver|i2c_driver:i2c|clk_status       ; -1.871  ; -6.638        ;
+--------------------------------------------------------+---------+---------------+


+---------------------------------------------------------------------------------+
; Fast 1100mV 0C Model Hold Summary                                               ;
+--------------------------------------------------------+--------+---------------+
; Clock                                                  ; Slack  ; End Point TNS ;
+--------------------------------------------------------+--------+---------------+
; OLED_driver:OLEDDriver|i2c_driver:i2c|clk_status       ; -1.344 ; -4.070        ;
; OLED_driver:OLEDDriver|driver_clock                    ; -0.068 ; -0.068        ;
; CLOCK_50                                               ; 0.008  ; 0.000         ;
; controller_clock                                       ; 0.087  ; 0.000         ;
; OLED_driver:OLEDDriver|i2c_driver:i2c|current_state[0] ; 0.111  ; 0.000         ;
+--------------------------------------------------------+--------+---------------+


+---------------------------------------------------------------------------+
; Fast 1100mV 0C Model Recovery Summary                                     ;
+--------------------------------------------------+--------+---------------+
; Clock                                            ; Slack  ; End Point TNS ;
+--------------------------------------------------+--------+---------------+
; OLED_driver:OLEDDriver|i2c_driver:i2c|clk_status ; -1.516 ; -13.343       ;
+--------------------------------------------------+--------+---------------+


+--------------------------------------------------------------------------+
; Fast 1100mV 0C Model Removal Summary                                     ;
+--------------------------------------------------+-------+---------------+
; Clock                                            ; Slack ; End Point TNS ;
+--------------------------------------------------+-------+---------------+
; OLED_driver:OLEDDriver|i2c_driver:i2c|clk_status ; 0.514 ; 0.000         ;
+--------------------------------------------------+-------+---------------+


+---------------------------------------------------------------------------------+
; Fast 1100mV 0C Model Minimum Pulse Width Summary                                ;
+--------------------------------------------------------+--------+---------------+
; Clock                                                  ; Slack  ; End Point TNS ;
+--------------------------------------------------------+--------+---------------+
; controller_clock                                       ; -1.702 ; -32.598       ;
; CLOCK_50                                               ; -0.383 ; -149.460      ;
; OLED_driver:OLEDDriver|i2c_driver:i2c|clk_status       ; -0.238 ; -2.109        ;
; OLED_driver:OLEDDriver|driver_clock                    ; 0.058  ; 0.000         ;
; OLED_driver:OLEDDriver|i2c_driver:i2c|current_state[0] ; 0.386  ; 0.000         ;
+--------------------------------------------------------+--------+---------------+


----------------------------------------------
; Fast 1100mV 0C Model Metastability Summary ;
----------------------------------------------
No synchronizer chains to report.


+---------------------------------------------------------------------------------------------------------------------------+
; Multicorner Timing Analysis Summary                                                                                       ;
+---------------------------------------------------------+-------------+--------+----------+---------+---------------------+
; Clock                                                   ; Setup       ; Hold   ; Recovery ; Removal ; Minimum Pulse Width ;
+---------------------------------------------------------+-------------+--------+----------+---------+---------------------+
; Worst-case Slack                                        ; -19.959     ; -2.378 ; -2.989   ; 0.411   ; -2.225              ;
;  CLOCK_50                                               ; -8.140      ; 0.005  ; N/A      ; N/A     ; -0.394              ;
;  OLED_driver:OLEDDriver|driver_clock                    ; -19.959     ; -0.068 ; N/A      ; N/A     ; -0.394              ;
;  OLED_driver:OLEDDriver|i2c_driver:i2c|clk_status       ; -2.945      ; -2.378 ; -2.989   ; 0.411   ; -0.555              ;
;  OLED_driver:OLEDDriver|i2c_driver:i2c|current_state[0] ; -7.750      ; 0.111  ; N/A      ; N/A     ; 0.356               ;
;  controller_clock                                       ; -14.977     ; 0.087  ; N/A      ; N/A     ; -2.225              ;
; Design-wide TNS                                         ; -132353.376 ; -8.807 ; -26.332  ; 0.0     ; -5316.482           ;
;  CLOCK_50                                               ; -1595.127   ; 0.000  ; N/A      ; N/A     ; -327.169            ;
;  OLED_driver:OLEDDriver|driver_clock                    ; -129962.872 ; -0.068 ; N/A      ; N/A     ; -4908.703           ;
;  OLED_driver:OLEDDriver|i2c_driver:i2c|clk_status       ; -11.228     ; -8.807 ; -26.332  ; 0.000   ; -8.461              ;
;  OLED_driver:OLEDDriver|i2c_driver:i2c|current_state[0] ; -61.669     ; 0.000  ; N/A      ; N/A     ; 0.000               ;
;  controller_clock                                       ; -722.882    ; 0.000  ; N/A      ; N/A     ; -72.556             ;
+---------------------------------------------------------+-------------+--------+----------+---------+---------------------+


+-----------------------------------------------------------------------------------------------------------------------------------------------------------------------------------------------------------------------------------------------------------------------------------------------------------------------------------------------------------------------------------------------------------+
; Board Trace Model Assignments                                                                                                                                                                                                                                                                                                                                                                             ;
+--------+--------------+-------------------+-------------------------+-------------------------+---------------+---------------------+----------------+------------------+--------+------------------+------------------------+------------------------+--------------+---------------+-----------------+-------+---------------------+--------------------+---------------+-----------------+-------------+
; Pin    ; I/O Standard ; Near Tline Length ; Near Tline L per Length ; Near Tline C per Length ; Near Series R ; Near Differential R ; Near Pull-up R ; Near Pull-down R ; Near C ; Far Tline Length ; Far Tline L per Length ; Far Tline C per Length ; Far Series R ; Far Pull-up R ; Far Pull-down R ; Far C ; Termination Voltage ; Far Differential R ; EBD File Name ; EBD Signal Name ; EBD Far-end ;
+--------+--------------+-------------------+-------------------------+-------------------------+---------------+---------------------+----------------+------------------+--------+------------------+------------------------+------------------------+--------------+---------------+-----------------+-------+---------------------+--------------------+---------------+-----------------+-------------+
; LED[0] ; 2.5 V        ; 0 in              ; 0 H/in                  ; 0 F/in                  ; short         ; -                   ; open           ; open             ; open   ; 0 in             ; 0 H/in                 ; 0 F/in                 ; short        ; open          ; open            ; open  ; 0 V                 ; -                  ; n/a           ; n/a             ; n/a         ;
; LED[1] ; 2.5 V        ; 0 in              ; 0 H/in                  ; 0 F/in                  ; short         ; -                   ; open           ; open             ; open   ; 0 in             ; 0 H/in                 ; 0 F/in                 ; short        ; open          ; open            ; open  ; 0 V                 ; -                  ; n/a           ; n/a             ; n/a         ;
; SCL    ; 2.5 V        ; 0 in              ; 0 H/in                  ; 0 F/in                  ; short         ; -                   ; open           ; open             ; open   ; 0 in             ; 0 H/in                 ; 0 F/in                 ; short        ; open          ; open            ; open  ; 0 V                 ; -                  ; n/a           ; n/a             ; n/a         ;
; SDA    ; 2.5 V        ; 0 in              ; 0 H/in                  ; 0 F/in                  ; short         ; -                   ; open           ; open             ; open   ; 0 in             ; 0 H/in                 ; 0 F/in                 ; short        ; open          ; open            ; open  ; 0 V                 ; -                  ; n/a           ; n/a             ; n/a         ;
+--------+--------------+-------------------+-------------------------+-------------------------+---------------+---------------------+----------------+------------------+--------+------------------+------------------------+------------------------+--------------+---------------+-----------------+-------+---------------------+--------------------+---------------+-----------------+-------------+


+-------------------------------------------------------------+
; Input Transition Times                                      ;
+----------+--------------+-----------------+-----------------+
; Pin      ; I/O Standard ; 10-90 Rise Time ; 90-10 Fall Time ;
+----------+--------------+-----------------+-----------------+
; SDA      ; 2.5 V        ; 2000 ps         ; 2000 ps         ;
; CLOCK_50 ; 2.5 V        ; 2000 ps         ; 2000 ps         ;
; reset    ; 2.5 V        ; 2000 ps         ; 2000 ps         ;
; Rx       ; 2.5 V        ; 2000 ps         ; 2000 ps         ;
; button   ; 2.5 V        ; 2000 ps         ; 2000 ps         ;
+----------+--------------+-----------------+-----------------+


+-------------------------------------------------------------------------------------------------------------------------------------------------------------------------------------------------------------------------------------------------------------------------------------------------------------------------------------------------------------------------------------------------------------------------------------------------------------------------------------------------------------------------------------------------------------------------------------------------------------------------------------------------------------------------------------+
; Signal Integrity Metrics (Slow 1100mv 0c Model)                                                                                                                                                                                                                                                                                                                                                                                                                                                                                                                                                                                                                                     ;
+--------+--------------+---------------------+---------------------+------------------------------+------------------------------+---------------------+---------------------+--------------------------------------+--------------------------------------+-----------------------------+-----------------------------+----------------------------+----------------------------+-----------------------------+-----------------------------+--------------------+--------------------+-------------------------------------+-------------------------------------+----------------------------+----------------------------+---------------------------+---------------------------+
; Pin    ; I/O Standard ; Board Delay on Rise ; Board Delay on Fall ; Steady State Voh at FPGA Pin ; Steady State Vol at FPGA Pin ; Voh Max at FPGA Pin ; Vol Min at FPGA Pin ; Ringback Voltage on Rise at FPGA Pin ; Ringback Voltage on Fall at FPGA Pin ; 10-90 Rise Time at FPGA Pin ; 90-10 Fall Time at FPGA Pin ; Monotonic Rise at FPGA Pin ; Monotonic Fall at FPGA Pin ; Steady State Voh at Far-end ; Steady State Vol at Far-end ; Voh Max at Far-end ; Vol Min at Far-end ; Ringback Voltage on Rise at Far-end ; Ringback Voltage on Fall at Far-end ; 10-90 Rise Time at Far-end ; 90-10 Fall Time at Far-end ; Monotonic Rise at Far-end ; Monotonic Fall at Far-end ;
+--------+--------------+---------------------+---------------------+------------------------------+------------------------------+---------------------+---------------------+--------------------------------------+--------------------------------------+-----------------------------+-----------------------------+----------------------------+----------------------------+-----------------------------+-----------------------------+--------------------+--------------------+-------------------------------------+-------------------------------------+----------------------------+----------------------------+---------------------------+---------------------------+
; LED[0] ; 2.5 V        ; 0 s                 ; 0 s                 ; 2.32 V                       ; 3.52e-07 V                   ; 2.42 V              ; -0.0557 V           ; 0.175 V                              ; 0.114 V                              ; 4.5e-10 s                   ; 4.35e-10 s                  ; No                         ; No                         ; 2.32 V                      ; 3.52e-07 V                  ; 2.42 V             ; -0.0557 V          ; 0.175 V                             ; 0.114 V                             ; 4.5e-10 s                  ; 4.35e-10 s                 ; No                        ; No                        ;
; LED[1] ; 2.5 V        ; 0 s                 ; 0 s                 ; 2.32 V                       ; 3.52e-07 V                   ; 2.42 V              ; -0.0568 V           ; 0.173 V                              ; 0.113 V                              ; 4.5e-10 s                   ; 4.35e-10 s                  ; No                         ; No                         ; 2.32 V                      ; 3.52e-07 V                  ; 2.42 V             ; -0.0568 V          ; 0.173 V                             ; 0.113 V                             ; 4.5e-10 s                  ; 4.35e-10 s                 ; No                        ; No                        ;
; SCL    ; 2.5 V        ; 0 s                 ; 0 s                 ; 2.32 V                       ; 3.52e-07 V                   ; 2.42 V              ; -0.0568 V           ; 0.173 V                              ; 0.113 V                              ; 4.5e-10 s                   ; 4.35e-10 s                  ; No                         ; No                         ; 2.32 V                      ; 3.52e-07 V                  ; 2.42 V             ; -0.0568 V          ; 0.173 V                             ; 0.113 V                             ; 4.5e-10 s                  ; 4.35e-10 s                 ; No                        ; No                        ;
; SDA    ; 2.5 V        ; 0 s                 ; 0 s                 ; 2.32 V                       ; 3.07e-07 V                   ; 2.36 V              ; -0.0231 V           ; 0.14 V                               ; 0.089 V                              ; 4.52e-10 s                  ; 4.35e-10 s                  ; No                         ; Yes                        ; 2.32 V                      ; 3.07e-07 V                  ; 2.36 V             ; -0.0231 V          ; 0.14 V                              ; 0.089 V                             ; 4.52e-10 s                 ; 4.35e-10 s                 ; No                        ; Yes                       ;
+--------+--------------+---------------------+---------------------+------------------------------+------------------------------+---------------------+---------------------+--------------------------------------+--------------------------------------+-----------------------------+-----------------------------+----------------------------+----------------------------+-----------------------------+-----------------------------+--------------------+--------------------+-------------------------------------+-------------------------------------+----------------------------+----------------------------+---------------------------+---------------------------+


+-------------------------------------------------------------------------------------------------------------------------------------------------------------------------------------------------------------------------------------------------------------------------------------------------------------------------------------------------------------------------------------------------------------------------------------------------------------------------------------------------------------------------------------------------------------------------------------------------------------------------------------------------------------------------------------+
; Signal Integrity Metrics (Slow 1100mv 85c Model)                                                                                                                                                                                                                                                                                                                                                                                                                                                                                                                                                                                                                                    ;
+--------+--------------+---------------------+---------------------+------------------------------+------------------------------+---------------------+---------------------+--------------------------------------+--------------------------------------+-----------------------------+-----------------------------+----------------------------+----------------------------+-----------------------------+-----------------------------+--------------------+--------------------+-------------------------------------+-------------------------------------+----------------------------+----------------------------+---------------------------+---------------------------+
; Pin    ; I/O Standard ; Board Delay on Rise ; Board Delay on Fall ; Steady State Voh at FPGA Pin ; Steady State Vol at FPGA Pin ; Voh Max at FPGA Pin ; Vol Min at FPGA Pin ; Ringback Voltage on Rise at FPGA Pin ; Ringback Voltage on Fall at FPGA Pin ; 10-90 Rise Time at FPGA Pin ; 90-10 Fall Time at FPGA Pin ; Monotonic Rise at FPGA Pin ; Monotonic Fall at FPGA Pin ; Steady State Voh at Far-end ; Steady State Vol at Far-end ; Voh Max at Far-end ; Vol Min at Far-end ; Ringback Voltage on Rise at Far-end ; Ringback Voltage on Fall at Far-end ; 10-90 Rise Time at Far-end ; 90-10 Fall Time at Far-end ; Monotonic Rise at Far-end ; Monotonic Fall at Far-end ;
+--------+--------------+---------------------+---------------------+------------------------------+------------------------------+---------------------+---------------------+--------------------------------------+--------------------------------------+-----------------------------+-----------------------------+----------------------------+----------------------------+-----------------------------+-----------------------------+--------------------+--------------------+-------------------------------------+-------------------------------------+----------------------------+----------------------------+---------------------------+---------------------------+
; LED[0] ; 2.5 V        ; 0 s                 ; 0 s                 ; 2.32 V                       ; 3.88e-05 V                   ; 2.39 V              ; -0.037 V            ; 0.188 V                              ; 0.158 V                              ; 4.67e-10 s                  ; 4.67e-10 s                  ; No                         ; Yes                        ; 2.32 V                      ; 3.88e-05 V                  ; 2.39 V             ; -0.037 V           ; 0.188 V                             ; 0.158 V                             ; 4.67e-10 s                 ; 4.67e-10 s                 ; No                        ; Yes                       ;
; LED[1] ; 2.5 V        ; 0 s                 ; 0 s                 ; 2.32 V                       ; 3.88e-05 V                   ; 2.39 V              ; -0.0374 V           ; 0.189 V                              ; 0.158 V                              ; 4.66e-10 s                  ; 4.67e-10 s                  ; No                         ; Yes                        ; 2.32 V                      ; 3.88e-05 V                  ; 2.39 V             ; -0.0374 V          ; 0.189 V                             ; 0.158 V                             ; 4.66e-10 s                 ; 4.67e-10 s                 ; No                        ; Yes                       ;
; SCL    ; 2.5 V        ; 0 s                 ; 0 s                 ; 2.32 V                       ; 3.88e-05 V                   ; 2.39 V              ; -0.0374 V           ; 0.189 V                              ; 0.158 V                              ; 4.66e-10 s                  ; 4.67e-10 s                  ; No                         ; Yes                        ; 2.32 V                      ; 3.88e-05 V                  ; 2.39 V             ; -0.0374 V          ; 0.189 V                             ; 0.158 V                             ; 4.66e-10 s                 ; 4.67e-10 s                 ; No                        ; Yes                       ;
; SDA    ; 2.5 V        ; 0 s                 ; 0 s                 ; 2.32 V                       ; 3.49e-05 V                   ; 2.34 V              ; -0.0118 V           ; 0.182 V                              ; 0.051 V                              ; 4.81e-10 s                  ; 4.83e-10 s                  ; Yes                        ; Yes                        ; 2.32 V                      ; 3.49e-05 V                  ; 2.34 V             ; -0.0118 V          ; 0.182 V                             ; 0.051 V                             ; 4.81e-10 s                 ; 4.83e-10 s                 ; Yes                       ; Yes                       ;
+--------+--------------+---------------------+---------------------+------------------------------+------------------------------+---------------------+---------------------+--------------------------------------+--------------------------------------+-----------------------------+-----------------------------+----------------------------+----------------------------+-----------------------------+-----------------------------+--------------------+--------------------+-------------------------------------+-------------------------------------+----------------------------+----------------------------+---------------------------+---------------------------+


+-------------------------------------------------------------------------------------------------------------------------------------------------------------------------------------------------------------------------------------------------------------------------------------------------------------------------------------------------------------------------------------------------------------------------------------------------------------------------------------------------------------------------------------------------------------------------------------------------------------------------------------------------------------------------------------+
; Signal Integrity Metrics (Fast 1100mv 0c Model)                                                                                                                                                                                                                                                                                                                                                                                                                                                                                                                                                                                                                                     ;
+--------+--------------+---------------------+---------------------+------------------------------+------------------------------+---------------------+---------------------+--------------------------------------+--------------------------------------+-----------------------------+-----------------------------+----------------------------+----------------------------+-----------------------------+-----------------------------+--------------------+--------------------+-------------------------------------+-------------------------------------+----------------------------+----------------------------+---------------------------+---------------------------+
; Pin    ; I/O Standard ; Board Delay on Rise ; Board Delay on Fall ; Steady State Voh at FPGA Pin ; Steady State Vol at FPGA Pin ; Voh Max at FPGA Pin ; Vol Min at FPGA Pin ; Ringback Voltage on Rise at FPGA Pin ; Ringback Voltage on Fall at FPGA Pin ; 10-90 Rise Time at FPGA Pin ; 90-10 Fall Time at FPGA Pin ; Monotonic Rise at FPGA Pin ; Monotonic Fall at FPGA Pin ; Steady State Voh at Far-end ; Steady State Vol at Far-end ; Voh Max at Far-end ; Vol Min at Far-end ; Ringback Voltage on Rise at Far-end ; Ringback Voltage on Fall at Far-end ; 10-90 Rise Time at Far-end ; 90-10 Fall Time at Far-end ; Monotonic Rise at Far-end ; Monotonic Fall at Far-end ;
+--------+--------------+---------------------+---------------------+------------------------------+------------------------------+---------------------+---------------------+--------------------------------------+--------------------------------------+-----------------------------+-----------------------------+----------------------------+----------------------------+-----------------------------+-----------------------------+--------------------+--------------------+-------------------------------------+-------------------------------------+----------------------------+----------------------------+---------------------------+---------------------------+
; LED[0] ; 2.5 V        ; 0 s                 ; 0 s                 ; 2.75 V                       ; 4.14e-06 V                   ; 2.91 V              ; -0.121 V            ; 0.326 V                              ; 0.297 V                              ; 2.74e-10 s                  ; 2.8e-10 s                   ; No                         ; No                         ; 2.75 V                      ; 4.14e-06 V                  ; 2.91 V             ; -0.121 V           ; 0.326 V                             ; 0.297 V                             ; 2.74e-10 s                 ; 2.8e-10 s                  ; No                        ; No                        ;
; LED[1] ; 2.5 V        ; 0 s                 ; 0 s                 ; 2.75 V                       ; 4.14e-06 V                   ; 2.91 V              ; -0.119 V            ; 0.326 V                              ; 0.298 V                              ; 2.74e-10 s                  ; 2.8e-10 s                   ; No                         ; No                         ; 2.75 V                      ; 4.14e-06 V                  ; 2.91 V             ; -0.119 V           ; 0.326 V                             ; 0.298 V                             ; 2.74e-10 s                 ; 2.8e-10 s                  ; No                        ; No                        ;
; SCL    ; 2.5 V        ; 0 s                 ; 0 s                 ; 2.75 V                       ; 4.14e-06 V                   ; 2.91 V              ; -0.119 V            ; 0.326 V                              ; 0.298 V                              ; 2.74e-10 s                  ; 2.8e-10 s                   ; No                         ; No                         ; 2.75 V                      ; 4.14e-06 V                  ; 2.91 V             ; -0.119 V           ; 0.326 V                             ; 0.298 V                             ; 2.74e-10 s                 ; 2.8e-10 s                  ; No                        ; No                        ;
; SDA    ; 2.5 V        ; 0 s                 ; 0 s                 ; 2.75 V                       ; 3.54e-06 V                   ; 2.81 V              ; -0.0578 V           ; 0.303 V                              ; 0.28 V                               ; 2.93e-10 s                  ; 3.01e-10 s                  ; No                         ; No                         ; 2.75 V                      ; 3.54e-06 V                  ; 2.81 V             ; -0.0578 V          ; 0.303 V                             ; 0.28 V                              ; 2.93e-10 s                 ; 3.01e-10 s                 ; No                        ; No                        ;
+--------+--------------+---------------------+---------------------+------------------------------+------------------------------+---------------------+---------------------+--------------------------------------+--------------------------------------+-----------------------------+-----------------------------+----------------------------+----------------------------+-----------------------------+-----------------------------+--------------------+--------------------+-------------------------------------+-------------------------------------+----------------------------+----------------------------+---------------------------+---------------------------+


+-------------------------------------------------------------------------------------------------------------------------------------------------------------------------------------------------------------------------------------------------------------------------------------------------------------------------------------------------------------------------------------------------------------------------------------------------------------------------------------------------------------------------------------------------------------------------------------------------------------------------------------------------------------------------------------+
; Signal Integrity Metrics (Fast 1100mv 85c Model)                                                                                                                                                                                                                                                                                                                                                                                                                                                                                                                                                                                                                                    ;
+--------+--------------+---------------------+---------------------+------------------------------+------------------------------+---------------------+---------------------+--------------------------------------+--------------------------------------+-----------------------------+-----------------------------+----------------------------+----------------------------+-----------------------------+-----------------------------+--------------------+--------------------+-------------------------------------+-------------------------------------+----------------------------+----------------------------+---------------------------+---------------------------+
; Pin    ; I/O Standard ; Board Delay on Rise ; Board Delay on Fall ; Steady State Voh at FPGA Pin ; Steady State Vol at FPGA Pin ; Voh Max at FPGA Pin ; Vol Min at FPGA Pin ; Ringback Voltage on Rise at FPGA Pin ; Ringback Voltage on Fall at FPGA Pin ; 10-90 Rise Time at FPGA Pin ; 90-10 Fall Time at FPGA Pin ; Monotonic Rise at FPGA Pin ; Monotonic Fall at FPGA Pin ; Steady State Voh at Far-end ; Steady State Vol at Far-end ; Voh Max at Far-end ; Vol Min at Far-end ; Ringback Voltage on Rise at Far-end ; Ringback Voltage on Fall at Far-end ; 10-90 Rise Time at Far-end ; 90-10 Fall Time at Far-end ; Monotonic Rise at Far-end ; Monotonic Fall at Far-end ;
+--------+--------------+---------------------+---------------------+------------------------------+------------------------------+---------------------+---------------------+--------------------------------------+--------------------------------------+-----------------------------+-----------------------------+----------------------------+----------------------------+-----------------------------+-----------------------------+--------------------+--------------------+-------------------------------------+-------------------------------------+----------------------------+----------------------------+---------------------------+---------------------------+
; LED[0] ; 2.5 V        ; 0 s                 ; 0 s                 ; 2.75 V                       ; 0.000242 V                   ; 2.86 V              ; -0.0814 V           ; 0.36 V                               ; 0.156 V                              ; 3e-10 s                     ; 4.34e-10 s                  ; No                         ; No                         ; 2.75 V                      ; 0.000242 V                  ; 2.86 V             ; -0.0814 V          ; 0.36 V                              ; 0.156 V                             ; 3e-10 s                    ; 4.34e-10 s                 ; No                        ; No                        ;
; LED[1] ; 2.5 V        ; 0 s                 ; 0 s                 ; 2.75 V                       ; 0.000242 V                   ; 2.86 V              ; -0.0805 V           ; 0.358 V                              ; 0.156 V                              ; 3.01e-10 s                  ; 4.34e-10 s                  ; No                         ; No                         ; 2.75 V                      ; 0.000242 V                  ; 2.86 V             ; -0.0805 V          ; 0.358 V                             ; 0.156 V                             ; 3.01e-10 s                 ; 4.34e-10 s                 ; No                        ; No                        ;
; SCL    ; 2.5 V        ; 0 s                 ; 0 s                 ; 2.75 V                       ; 0.000242 V                   ; 2.86 V              ; -0.0805 V           ; 0.358 V                              ; 0.156 V                              ; 3.01e-10 s                  ; 4.34e-10 s                  ; No                         ; No                         ; 2.75 V                      ; 0.000242 V                  ; 2.86 V             ; -0.0805 V          ; 0.358 V                             ; 0.156 V                             ; 3.01e-10 s                 ; 4.34e-10 s                 ; No                        ; No                        ;
; SDA    ; 2.5 V        ; 0 s                 ; 0 s                 ; 2.75 V                       ; 0.000213 V                   ; 2.79 V              ; -0.0324 V           ; 0.139 V                              ; 0.119 V                              ; 4.42e-10 s                  ; 4.33e-10 s                  ; No                         ; Yes                        ; 2.75 V                      ; 0.000213 V                  ; 2.79 V             ; -0.0324 V          ; 0.139 V                             ; 0.119 V                             ; 4.42e-10 s                 ; 4.33e-10 s                 ; No                        ; Yes                       ;
+--------+--------------+---------------------+---------------------+------------------------------+------------------------------+---------------------+---------------------+--------------------------------------+--------------------------------------+-----------------------------+-----------------------------+----------------------------+----------------------------+-----------------------------+-----------------------------+--------------------+--------------------+-------------------------------------+-------------------------------------+----------------------------+----------------------------+---------------------------+---------------------------+


+----------------------------------------------------------------------------------------------------------------------------------------------------------------+
; Setup Transfers                                                                                                                                                ;
+--------------------------------------------------------+--------------------------------------------------------+-----------+------------+----------+----------+
; From Clock                                             ; To Clock                                               ; RR Paths  ; FR Paths   ; RF Paths ; FF Paths ;
+--------------------------------------------------------+--------------------------------------------------------+-----------+------------+----------+----------+
; CLOCK_50                                               ; CLOCK_50                                               ; 13860     ; 0          ; 4872     ; 2296     ;
; controller_clock                                       ; CLOCK_50                                               ; 1         ; 1          ; 1        ; 0        ;
; OLED_driver:OLEDDriver|driver_clock                    ; CLOCK_50                                               ; 1         ; 1          ; 0        ; 0        ;
; OLED_driver:OLEDDriver|i2c_driver:i2c|clk_status       ; CLOCK_50                                               ; 1         ; 1          ; 0        ; 0        ;
; CLOCK_50                                               ; controller_clock                                       ; 0         ; 164359     ; 0        ; 0        ;
; controller_clock                                       ; controller_clock                                       ; 148613    ; 0          ; 0        ; 0        ;
; OLED_driver:OLEDDriver|driver_clock                    ; controller_clock                                       ; 5         ; 0          ; 0        ; 0        ;
; CLOCK_50                                               ; OLED_driver:OLEDDriver|driver_clock                    ; 0         ; 1065948550 ; 0        ; 0        ;
; controller_clock                                       ; OLED_driver:OLEDDriver|driver_clock                    ; 25100     ; 0          ; 0        ; 0        ;
; OLED_driver:OLEDDriver|driver_clock                    ; OLED_driver:OLEDDriver|driver_clock                    ; 342293191 ; 0          ; 0        ; 0        ;
; OLED_driver:OLEDDriver|i2c_driver:i2c|current_state[0] ; OLED_driver:OLEDDriver|i2c_driver:i2c|clk_status       ; 2         ; 7          ; 0        ; 0        ;
; OLED_driver:OLEDDriver|driver_clock                    ; OLED_driver:OLEDDriver|i2c_driver:i2c|current_state[0] ; 0         ; 0          ; 10       ; 0        ;
; OLED_driver:OLEDDriver|i2c_driver:i2c|clk_status       ; OLED_driver:OLEDDriver|i2c_driver:i2c|current_state[0] ; 12        ; 0          ; 105      ; 0        ;
; OLED_driver:OLEDDriver|i2c_driver:i2c|current_state[0] ; OLED_driver:OLEDDriver|i2c_driver:i2c|current_state[0] ; 2         ; 4          ; 10       ; 10       ;
+--------------------------------------------------------+--------------------------------------------------------+-----------+------------+----------+----------+
Entries labeled "false path" only account for clock-to-clock false paths and not path-based false paths. As a result, actual path counts may be lower than reported.


+----------------------------------------------------------------------------------------------------------------------------------------------------------------+
; Hold Transfers                                                                                                                                                 ;
+--------------------------------------------------------+--------------------------------------------------------+-----------+------------+----------+----------+
; From Clock                                             ; To Clock                                               ; RR Paths  ; FR Paths   ; RF Paths ; FF Paths ;
+--------------------------------------------------------+--------------------------------------------------------+-----------+------------+----------+----------+
; CLOCK_50                                               ; CLOCK_50                                               ; 13860     ; 0          ; 4872     ; 2296     ;
; controller_clock                                       ; CLOCK_50                                               ; 1         ; 1          ; 1        ; 0        ;
; OLED_driver:OLEDDriver|driver_clock                    ; CLOCK_50                                               ; 1         ; 1          ; 0        ; 0        ;
; OLED_driver:OLEDDriver|i2c_driver:i2c|clk_status       ; CLOCK_50                                               ; 1         ; 1          ; 0        ; 0        ;
; CLOCK_50                                               ; controller_clock                                       ; 0         ; 164359     ; 0        ; 0        ;
; controller_clock                                       ; controller_clock                                       ; 148613    ; 0          ; 0        ; 0        ;
; OLED_driver:OLEDDriver|driver_clock                    ; controller_clock                                       ; 5         ; 0          ; 0        ; 0        ;
; CLOCK_50                                               ; OLED_driver:OLEDDriver|driver_clock                    ; 0         ; 1065948550 ; 0        ; 0        ;
; controller_clock                                       ; OLED_driver:OLEDDriver|driver_clock                    ; 25100     ; 0          ; 0        ; 0        ;
; OLED_driver:OLEDDriver|driver_clock                    ; OLED_driver:OLEDDriver|driver_clock                    ; 342293191 ; 0          ; 0        ; 0        ;
; OLED_driver:OLEDDriver|i2c_driver:i2c|current_state[0] ; OLED_driver:OLEDDriver|i2c_driver:i2c|clk_status       ; 2         ; 7          ; 0        ; 0        ;
; OLED_driver:OLEDDriver|driver_clock                    ; OLED_driver:OLEDDriver|i2c_driver:i2c|current_state[0] ; 0         ; 0          ; 10       ; 0        ;
; OLED_driver:OLEDDriver|i2c_driver:i2c|clk_status       ; OLED_driver:OLEDDriver|i2c_driver:i2c|current_state[0] ; 12        ; 0          ; 105      ; 0        ;
; OLED_driver:OLEDDriver|i2c_driver:i2c|current_state[0] ; OLED_driver:OLEDDriver|i2c_driver:i2c|current_state[0] ; 2         ; 4          ; 10       ; 10       ;
+--------------------------------------------------------+--------------------------------------------------------+-----------+------------+----------+----------+
Entries labeled "false path" only account for clock-to-clock false paths and not path-based false paths. As a result, actual path counts may be lower than reported.


+------------------------------------------------------------------------------------------------------------------------------------+
; Recovery Transfers                                                                                                                 ;
+-------------------------------------+--------------------------------------------------+----------+----------+----------+----------+
; From Clock                          ; To Clock                                         ; RR Paths ; FR Paths ; RF Paths ; FF Paths ;
+-------------------------------------+--------------------------------------------------+----------+----------+----------+----------+
; OLED_driver:OLEDDriver|driver_clock ; OLED_driver:OLEDDriver|i2c_driver:i2c|clk_status ; 9        ; 0        ; 0        ; 0        ;
+-------------------------------------+--------------------------------------------------+----------+----------+----------+----------+
Entries labeled "false path" only account for clock-to-clock false paths and not path-based false paths. As a result, actual path counts may be lower than reported.


+------------------------------------------------------------------------------------------------------------------------------------+
; Removal Transfers                                                                                                                  ;
+-------------------------------------+--------------------------------------------------+----------+----------+----------+----------+
; From Clock                          ; To Clock                                         ; RR Paths ; FR Paths ; RF Paths ; FF Paths ;
+-------------------------------------+--------------------------------------------------+----------+----------+----------+----------+
; OLED_driver:OLEDDriver|driver_clock ; OLED_driver:OLEDDriver|i2c_driver:i2c|clk_status ; 9        ; 0        ; 0        ; 0        ;
+-------------------------------------+--------------------------------------------------+----------+----------+----------+----------+
Entries labeled "false path" only account for clock-to-clock false paths and not path-based false paths. As a result, actual path counts may be lower than reported.


---------------
; Report TCCS ;
---------------
No dedicated SERDES Transmitter circuitry present in device or used in design


---------------
; Report RSKM ;
---------------
No non-DPA dedicated SERDES Receiver circuitry present in device or used in design


+------------------------------------------------+
; Unconstrained Paths Summary                    ;
+---------------------------------+-------+------+
; Property                        ; Setup ; Hold ;
+---------------------------------+-------+------+
; Illegal Clocks                  ; 0     ; 0    ;
; Unconstrained Clocks            ; 0     ; 0    ;
; Unconstrained Input Ports       ; 3     ; 3    ;
; Unconstrained Input Port Paths  ; 466   ; 466  ;
; Unconstrained Output Ports      ; 4     ; 4    ;
; Unconstrained Output Port Paths ; 4     ; 4    ;
+---------------------------------+-------+------+


+--------------------------------------------------------------------------------------------------------------------------------------+
; Clock Status Summary                                                                                                                 ;
+--------------------------------------------------------+--------------------------------------------------------+------+-------------+
; Target                                                 ; Clock                                                  ; Type ; Status      ;
+--------------------------------------------------------+--------------------------------------------------------+------+-------------+
; CLOCK_50                                               ; CLOCK_50                                               ; Base ; Constrained ;
; OLED_driver:OLEDDriver|driver_clock                    ; OLED_driver:OLEDDriver|driver_clock                    ; Base ; Constrained ;
; OLED_driver:OLEDDriver|i2c_driver:i2c|clk_status       ; OLED_driver:OLEDDriver|i2c_driver:i2c|clk_status       ; Base ; Constrained ;
; OLED_driver:OLEDDriver|i2c_driver:i2c|current_state[0] ; OLED_driver:OLEDDriver|i2c_driver:i2c|current_state[0] ; Base ; Constrained ;
; controller_clock                                       ; controller_clock                                       ; Base ; Constrained ;
+--------------------------------------------------------+--------------------------------------------------------+------+-------------+


+---------------------------------------------------------------------------------------------------+
; Unconstrained Input Ports                                                                         ;
+------------+--------------------------------------------------------------------------------------+
; Input Port ; Comment                                                                              ;
+------------+--------------------------------------------------------------------------------------+
; Rx         ; No input delay, min/max delays, false-path exceptions, or max skew assignments found ;
; button     ; No input delay, min/max delays, false-path exceptions, or max skew assignments found ;
; reset      ; No input delay, min/max delays, false-path exceptions, or max skew assignments found ;
+------------+--------------------------------------------------------------------------------------+


+-----------------------------------------------------------------------------------------------------+
; Unconstrained Output Ports                                                                          ;
+-------------+---------------------------------------------------------------------------------------+
; Output Port ; Comment                                                                               ;
+-------------+---------------------------------------------------------------------------------------+
; LED[0]      ; No output delay, min/max delays, false-path exceptions, or max skew assignments found ;
; LED[1]      ; No output delay, min/max delays, false-path exceptions, or max skew assignments found ;
; SCL         ; No output delay, min/max delays, false-path exceptions, or max skew assignments found ;
; SDA         ; No output delay, min/max delays, false-path exceptions, or max skew assignments found ;
+-------------+---------------------------------------------------------------------------------------+


+---------------------------------------------------------------------------------------------------+
; Unconstrained Input Ports                                                                         ;
+------------+--------------------------------------------------------------------------------------+
; Input Port ; Comment                                                                              ;
+------------+--------------------------------------------------------------------------------------+
; Rx         ; No input delay, min/max delays, false-path exceptions, or max skew assignments found ;
; button     ; No input delay, min/max delays, false-path exceptions, or max skew assignments found ;
; reset      ; No input delay, min/max delays, false-path exceptions, or max skew assignments found ;
+------------+--------------------------------------------------------------------------------------+


+-----------------------------------------------------------------------------------------------------+
; Unconstrained Output Ports                                                                          ;
+-------------+---------------------------------------------------------------------------------------+
; Output Port ; Comment                                                                               ;
+-------------+---------------------------------------------------------------------------------------+
; LED[0]      ; No output delay, min/max delays, false-path exceptions, or max skew assignments found ;
; LED[1]      ; No output delay, min/max delays, false-path exceptions, or max skew assignments found ;
; SCL         ; No output delay, min/max delays, false-path exceptions, or max skew assignments found ;
; SDA         ; No output delay, min/max delays, false-path exceptions, or max skew assignments found ;
+-------------+---------------------------------------------------------------------------------------+


+--------------------------+
; Timing Analyzer Messages ;
+--------------------------+
Info: *******************************************************************
Info: Running Quartus Prime Timing Analyzer
    Info: Version 22.1std.1 Build 917 02/14/2023 SC Lite Edition
    Info: Processing started: Thu Oct  5 13:50:40 2023
Info: Command: quartus_sta OLED_controller -c OLED_controller
Info: qsta_default_script.tcl version: #1
Warning (18236): Number of processors has not been specified which may cause overloading on shared machines.  Set the global assignment NUM_PARALLEL_PROCESSORS in your QSF to an appropriate value for best performance.
Info (20030): Parallel compilation is enabled and will use 4 of the 4 processors detected
Info (21077): Low junction temperature is 0 degrees C
Info (21077): High junction temperature is 85 degrees C
Warning (335093): The Timing Analyzer is analyzing 12 combinational loops as latches. For more details, run the Check Timing command in the Timing Analyzer or view the "User-Specified and Inferred Latches" table in the Analysis & Synthesis report.
Critical Warning (332012): Synopsys Design Constraints File file not found: 'OLED_controller.sdc'. A Synopsys Design Constraints File is required by the Timing Analyzer to get proper timing constraints. Without it, the Compiler will not properly optimize the design.
Info (332142): No user constrained base clocks found in the design. Calling "derive_clocks -period 1.0"
Info (332105): Deriving Clocks
    Info (332105): create_clock -period 1.000 -name CLOCK_50 CLOCK_50
    Info (332105): create_clock -period 1.000 -name OLED_driver:OLEDDriver|driver_clock OLED_driver:OLEDDriver|driver_clock
    Info (332105): create_clock -period 1.000 -name controller_clock controller_clock
    Info (332105): create_clock -period 1.000 -name OLED_driver:OLEDDriver|i2c_driver:i2c|clk_status OLED_driver:OLEDDriver|i2c_driver:i2c|clk_status
    Info (332105): create_clock -period 1.000 -name OLED_driver:OLEDDriver|i2c_driver:i2c|current_state[0] OLED_driver:OLEDDriver|i2c_driver:i2c|current_state[0]
Info (332097): The following timing edges are non-unate.  The Timing Analyzer will assume pos-unate behavior for these edges in the clock network.
    Info (332098): Cell: OLEDDriver|i2c|Mux21~1  from: dataf  to: combout
    Info (332098): Cell: OLEDDriver|i2c|Mux26~0  from: dataa  to: combout
    Info (332098): Cell: OLEDDriver|i2c|Mux31~0  from: dataa  to: combout
Info (332143): No user constrained clock uncertainty found in the design. Calling "derive_clock_uncertainty"
Info (332123): Deriving Clock Uncertainty. Please refer to report_sdc in the Timing Analyzer to see clock uncertainties.
Info: Found TIMING_ANALYZER_REPORT_SCRIPT_INCLUDE_DEFAULT_ANALYSIS = ON
Info: Analyzing Slow 1100mV 85C Model
Critical Warning (332148): Timing requirements not met
    Info (11105): For recommendations on closing timing, run Report Timing Closure Recommendations in the Timing Analyzer.
Info (332146): Worst-case setup slack is -19.685
    Info (332119):     Slack       End Point TNS Clock 
    Info (332119): ========= =================== =====================
    Info (332119):   -19.685         -129962.872 OLED_driver:OLEDDriver|driver_clock 
    Info (332119):   -14.857            -722.882 controller_clock 
    Info (332119):    -8.140           -1595.127 CLOCK_50 
    Info (332119):    -7.750             -61.669 OLED_driver:OLEDDriver|i2c_driver:i2c|current_state[0] 
    Info (332119):    -2.833             -10.826 OLED_driver:OLEDDriver|i2c_driver:i2c|clk_status 
Info (332146): Worst-case hold slack is -2.378
    Info (332119):     Slack       End Point TNS Clock 
    Info (332119): ========= =================== =====================
    Info (332119):    -2.378              -8.807 OLED_driver:OLEDDriver|i2c_driver:i2c|clk_status 
    Info (332119):     0.180               0.000 OLED_driver:OLEDDriver|i2c_driver:i2c|current_state[0] 
    Info (332119):     0.217               0.000 CLOCK_50 
    Info (332119):     0.284               0.000 controller_clock 
    Info (332119):     0.362               0.000 OLED_driver:OLEDDriver|driver_clock 
Info (332146): Worst-case recovery slack is -2.903
    Info (332119):     Slack       End Point TNS Clock 
    Info (332119): ========= =================== =====================
    Info (332119):    -2.903             -25.635 OLED_driver:OLEDDriver|i2c_driver:i2c|clk_status 
Info (332146): Worst-case removal slack is 0.647
    Info (332119):     Slack       End Point TNS Clock 
    Info (332119): ========= =================== =====================
    Info (332119):     0.647               0.000 OLED_driver:OLEDDriver|i2c_driver:i2c|clk_status 
Info (332146): Worst-case minimum pulse width slack is -2.225
    Info (332119):     Slack       End Point TNS Clock 
    Info (332119): ========= =================== =====================
    Info (332119):    -2.225             -72.324 controller_clock 
    Info (332119):    -0.535              -8.286 OLED_driver:OLEDDriver|i2c_driver:i2c|clk_status 
    Info (332119):    -0.394           -4908.703 OLED_driver:OLEDDriver|driver_clock 
    Info (332119):    -0.394            -327.169 CLOCK_50 
    Info (332119):     0.388               0.000 OLED_driver:OLEDDriver|i2c_driver:i2c|current_state[0] 
Info: Analyzing Slow 1100mV 0C Model
Info (334003): Started post-fitting delay annotation
Info (334004): Delay annotation completed successfully
Info (332097): The following timing edges are non-unate.  The Timing Analyzer will assume pos-unate behavior for these edges in the clock network.
    Info (332098): Cell: OLEDDriver|i2c|Mux21~1  from: dataf  to: combout
    Info (332098): Cell: OLEDDriver|i2c|Mux26~0  from: dataa  to: combout
    Info (332098): Cell: OLEDDriver|i2c|Mux31~0  from: dataa  to: combout
Info (332123): Deriving Clock Uncertainty. Please refer to report_sdc in the Timing Analyzer to see clock uncertainties.
Critical Warning (332148): Timing requirements not met
    Info (11105): For recommendations on closing timing, run Report Timing Closure Recommendations in the Timing Analyzer.
Info (332146): Worst-case setup slack is -19.959
    Info (332119):     Slack       End Point TNS Clock 
    Info (332119): ========= =================== =====================
    Info (332119):   -19.959         -125255.471 OLED_driver:OLEDDriver|driver_clock 
    Info (332119):   -14.977            -715.772 controller_clock 
    Info (332119):    -8.018           -1572.769 CLOCK_50 
    Info (332119):    -7.632             -58.561 OLED_driver:OLEDDriver|i2c_driver:i2c|current_state[0] 
    Info (332119):    -2.945             -11.228 OLED_driver:OLEDDriver|i2c_driver:i2c|clk_status 
Info (332146): Worst-case hold slack is -2.074
    Info (332119):     Slack       End Point TNS Clock 
    Info (332119): ========= =================== =====================
    Info (332119):    -2.074              -7.416 OLED_driver:OLEDDriver|i2c_driver:i2c|clk_status 
    Info (332119):     0.206               0.000 OLED_driver:OLEDDriver|i2c_driver:i2c|current_state[0] 
    Info (332119):     0.261               0.000 controller_clock 
    Info (332119):     0.281               0.000 CLOCK_50 
    Info (332119):     0.380               0.000 OLED_driver:OLEDDriver|driver_clock 
Info (332146): Worst-case recovery slack is -2.989
    Info (332119):     Slack       End Point TNS Clock 
    Info (332119): ========= =================== =====================
    Info (332119):    -2.989             -26.332 OLED_driver:OLEDDriver|i2c_driver:i2c|clk_status 
Info (332146): Worst-case removal slack is 0.807
    Info (332119):     Slack       End Point TNS Clock 
    Info (332119): ========= =================== =====================
    Info (332119):     0.807               0.000 OLED_driver:OLEDDriver|i2c_driver:i2c|clk_status 
Info (332146): Worst-case minimum pulse width slack is -2.225
    Info (332119):     Slack       End Point TNS Clock 
    Info (332119): ========= =================== =====================
    Info (332119):    -2.225             -72.556 controller_clock 
    Info (332119):    -0.555              -8.461 OLED_driver:OLEDDriver|i2c_driver:i2c|clk_status 
    Info (332119):    -0.394           -4406.548 OLED_driver:OLEDDriver|driver_clock 
    Info (332119):    -0.394            -293.108 CLOCK_50 
    Info (332119):     0.398               0.000 OLED_driver:OLEDDriver|i2c_driver:i2c|current_state[0] 
Info: Analyzing Fast 1100mV 85C Model
Info (334003): Started post-fitting delay annotation
Info (334004): Delay annotation completed successfully
Info (332097): The following timing edges are non-unate.  The Timing Analyzer will assume pos-unate behavior for these edges in the clock network.
    Info (332098): Cell: OLEDDriver|i2c|Mux21~1  from: dataf  to: combout
    Info (332098): Cell: OLEDDriver|i2c|Mux26~0  from: dataa  to: combout
    Info (332098): Cell: OLEDDriver|i2c|Mux31~0  from: dataa  to: combout
Info (332123): Deriving Clock Uncertainty. Please refer to report_sdc in the Timing Analyzer to see clock uncertainties.
Critical Warning (332148): Timing requirements not met
    Info (11105): For recommendations on closing timing, run Report Timing Closure Recommendations in the Timing Analyzer.
Info (332146): Worst-case setup slack is -11.406
    Info (332119):     Slack       End Point TNS Clock 
    Info (332119): ========= =================== =====================
    Info (332119):   -11.406          -82401.709 OLED_driver:OLEDDriver|driver_clock 
    Info (332119):    -8.627            -433.578 controller_clock 
    Info (332119):    -4.862            -710.356 CLOCK_50 
    Info (332119):    -4.455             -34.602 OLED_driver:OLEDDriver|i2c_driver:i2c|current_state[0] 
    Info (332119):    -2.026              -7.195 OLED_driver:OLEDDriver|i2c_driver:i2c|clk_status 
Info (332146): Worst-case hold slack is -1.592
    Info (332119):     Slack       End Point TNS Clock 
    Info (332119): ========= =================== =====================
    Info (332119):    -1.592              -5.214 OLED_driver:OLEDDriver|i2c_driver:i2c|clk_status 
    Info (332119):     0.005               0.000 CLOCK_50 
    Info (332119):     0.106               0.000 controller_clock 
    Info (332119):     0.113               0.000 OLED_driver:OLEDDriver|i2c_driver:i2c|current_state[0] 
    Info (332119):     0.179               0.000 OLED_driver:OLEDDriver|driver_clock 
Info (332146): Worst-case recovery slack is -1.461
    Info (332119):     Slack       End Point TNS Clock 
    Info (332119): ========= =================== =====================
    Info (332119):    -1.461             -12.803 OLED_driver:OLEDDriver|i2c_driver:i2c|clk_status 
Info (332146): Worst-case removal slack is 0.411
    Info (332119):     Slack       End Point TNS Clock 
    Info (332119): ========= =================== =====================
    Info (332119):     0.411               0.000 OLED_driver:OLEDDriver|i2c_driver:i2c|clk_status 
Info (332146): Worst-case minimum pulse width slack is -1.702
    Info (332119):     Slack       End Point TNS Clock 
    Info (332119): ========= =================== =====================
    Info (332119):    -1.702             -34.742 controller_clock 
    Info (332119):    -0.370            -158.550 CLOCK_50 
    Info (332119):    -0.282              -2.498 OLED_driver:OLEDDriver|i2c_driver:i2c|clk_status 
    Info (332119):     0.006               0.000 OLED_driver:OLEDDriver|driver_clock 
    Info (332119):     0.356               0.000 OLED_driver:OLEDDriver|i2c_driver:i2c|current_state[0] 
Info: Analyzing Fast 1100mV 0C Model
Info (332097): The following timing edges are non-unate.  The Timing Analyzer will assume pos-unate behavior for these edges in the clock network.
    Info (332098): Cell: OLEDDriver|i2c|Mux21~1  from: dataf  to: combout
    Info (332098): Cell: OLEDDriver|i2c|Mux26~0  from: dataa  to: combout
    Info (332098): Cell: OLEDDriver|i2c|Mux31~0  from: dataa  to: combout
Info (332123): Deriving Clock Uncertainty. Please refer to report_sdc in the Timing Analyzer to see clock uncertainties.
Critical Warning (332148): Timing requirements not met
    Info (11105): For recommendations on closing timing, run Report Timing Closure Recommendations in the Timing Analyzer.
Info (332146): Worst-case setup slack is -10.298
    Info (332119):     Slack       End Point TNS Clock 
    Info (332119): ========= =================== =====================
    Info (332119):   -10.298          -74601.077 OLED_driver:OLEDDriver|driver_clock 
    Info (332119):    -8.292            -413.267 controller_clock 
    Info (332119):    -4.496            -604.074 CLOCK_50 
    Info (332119):    -4.174             -30.072 OLED_driver:OLEDDriver|i2c_driver:i2c|current_state[0] 
    Info (332119):    -1.871              -6.638 OLED_driver:OLEDDriver|i2c_driver:i2c|clk_status 
Info (332146): Worst-case hold slack is -1.344
    Info (332119):     Slack       End Point TNS Clock 
    Info (332119): ========= =================== =====================
    Info (332119):    -1.344              -4.070 OLED_driver:OLEDDriver|i2c_driver:i2c|clk_status 
    Info (332119):    -0.068              -0.068 OLED_driver:OLEDDriver|driver_clock 
    Info (332119):     0.008               0.000 CLOCK_50 
    Info (332119):     0.087               0.000 controller_clock 
    Info (332119):     0.111               0.000 OLED_driver:OLEDDriver|i2c_driver:i2c|current_state[0] 
Info (332146): Worst-case recovery slack is -1.516
    Info (332119):     Slack       End Point TNS Clock 
    Info (332119): ========= =================== =====================
    Info (332119):    -1.516             -13.343 OLED_driver:OLEDDriver|i2c_driver:i2c|clk_status 
Info (332146): Worst-case removal slack is 0.514
    Info (332119):     Slack       End Point TNS Clock 
    Info (332119): ========= =================== =====================
    Info (332119):     0.514               0.000 OLED_driver:OLEDDriver|i2c_driver:i2c|clk_status 
Info (332146): Worst-case minimum pulse width slack is -1.702
    Info (332119):     Slack       End Point TNS Clock 
    Info (332119): ========= =================== =====================
    Info (332119):    -1.702             -32.598 controller_clock 
    Info (332119):    -0.383            -149.460 CLOCK_50 
    Info (332119):    -0.238              -2.109 OLED_driver:OLEDDriver|i2c_driver:i2c|clk_status 
    Info (332119):     0.058               0.000 OLED_driver:OLEDDriver|driver_clock 
    Info (332119):     0.386               0.000 OLED_driver:OLEDDriver|i2c_driver:i2c|current_state[0] 
Info (332102): Design is not fully constrained for setup requirements
Info (332102): Design is not fully constrained for hold requirements
Info: Quartus Prime Timing Analyzer was successful. 0 errors, 7 warnings
    Info: Peak virtual memory: 5475 megabytes
    Info: Processing ended: Thu Oct  5 13:51:15 2023
    Info: Elapsed time: 00:00:35
    Info: Total CPU time (on all processors): 00:00:46


